Quelo   ...QLINK D2.0L  3/11/85   ...Run on Feb 26, 2026  10:47:22   ...Page  1
D:QLOAD1.HEX , D:QLOAD1.LST , D:QLOAD1.SYM = D:QLOAD1.CF
   ...

                            1.  
                            2.  * =/* * * * * * * * * * * * * * * * * * * * * * * * * * * * * * * * *
                            3.  * =/*    Build whole Primary Trainer load                           *
                            4.  * =/*  Link modules and build S-Record file ready for 'DOWN-LOADING *
                            5.  * =/* * * * * * * * * * * * * * * * * * * * * * * * * * * * * * * * *
                            6.  * =/*
                            7.  * =LINK.LO        ,LOADl.LO,LOAD1.LK;IXMHUZ=128
                            8.           LINK LCPU1.RO
                            9.           LINK EXEC.RO
                           10.           LINK NAME1.RO
                           11.           LINK LOOKUP0.RO
                           12.           LINK LOOKUP1.RO
                           13.           LINK TDATA1.RO
                           14.           LINK IVINIT1.RO
                           15.           LINK LIST1.RO
                           16.           LINK MATH.RO
                           17.           LINK ENGINE.RO
                           18.           LINK LIFT.RO
                           19.           LINK SPEED.RO
                           20.           LINK CLIMB.RO
                           21.           LINK PITCH.RO
                           22.           LINK ROLL.RO
                           23.           LINK TURN.RO
                           24.           LINK MOTION.RO
                           25.           LINK NMATH.RO
                           26.           LINK NAVRCV.RO
                           27.           LINK NAV1.RO
                           28.           LINK RMNKFG.RO
                           29.           LINK COMM.RO
                           30.           LINK NAVFREQ.RO
                           31.           LINK GATVIS.RO
                           32.           LINK VISIO.RO
                           33.           LINK DEBUG.RO
00000000                   34.  DATA.SEG:
00000800                   35.            org $0800
00000800                   36.            SECTION  1
000008F0                   37.  STAK.SEG:
00000900                   38.            org $0900
00000900                   39.            SECTION  2
00003900                   40.  PROG.SEG
00F04000                   41.           org $F04000
00F04000                   42.           SECTION  12,0
00F0B014                   43.  POOL.SEG
0000A000                   44.           org $A000
0000A000                   45.           SECTION  3
0000A400                   46.           end
    0 Errors

000008F0                   37.  STAK.SEG:
00000900                   38.            org $0900
00000900                   39.            SECTION  2
00003900                   40.  PROG.SEG
00F04000                   41.          